../Drivers/CMSIS/Include/core_cm0plus.h:741:22:__NVIC_EnableIRQ	16	static,ignoring_inline_asm
../Drivers/CMSIS/Include/core_cm0plus.h:850:22:__NVIC_SetPriority	24	static
../Drivers/STM32C0xx_HAL_Driver/Inc/stm32c0xx_ll_gpio.h:282:22:LL_GPIO_SetPinMode	24	static
../Drivers/STM32C0xx_HAL_Driver/Inc/stm32c0xx_ll_gpio.h:490:22:LL_GPIO_SetPinPull	24	static
../Drivers/STM32C0xx_HAL_Driver/Inc/stm32c0xx_ll_gpio.h:806:26:LL_GPIO_IsInputPinSet	16	static
../Drivers/STM32C0xx_HAL_Driver/Inc/stm32c0xx_ll_gpio.h:887:22:LL_GPIO_SetOutputPin	16	static
../Drivers/STM32C0xx_HAL_Driver/Inc/stm32c0xx_ll_gpio.h:916:22:LL_GPIO_ResetOutputPin	16	static
../Drivers/STM32C0xx_HAL_Driver/Inc/stm32c0xx_ll_gpio.h:945:22:LL_GPIO_TogglePin	24	static
../Drivers/STM32C0xx_HAL_Driver/Inc/stm32c0xx_ll_exti.h:1121:26:LL_EXTI_IsActiveRisingFlag_0_31	16	static
../Drivers/STM32C0xx_HAL_Driver/Inc/stm32c0xx_ll_exti.h:1215:22:LL_EXTI_ClearRisingFlag_0_31	16	static
../Drivers/STM32C0xx_HAL_Driver/Inc/stm32c0xx_ll_exti.h:1283:22:LL_EXTI_SetEXTISource	24	static
../Drivers/STM32C0xx_HAL_Driver/Inc/stm32c0xx_ll_bus.h:843:22:LL_IOP_GRP1_EnableClock	24	static
../Core/Src/main.c:107:6:Delay_uS	24	static
../Core/Src/main.c:113:6:setLcdDataPort	16	static
../Core/Src/main.c:121:6:lcdSendNibble	16	static
../Core/Src/main.c:130:5:lcdCheckBusy	16	static
../Core/Src/main.c:149:6:lcdSendCmd	16	static
../Core/Src/main.c:157:6:lcdSendChar	16	static
../Core/Src/main.c:165:6:lcdSetCursor	24	static
../Core/Src/main.c:171:6:lcdPrint	16	static
../Core/Src/main.c:176:6:lcdInit	8	static
../Core/Src/main.c:198:13:I2C_Start	24	static
../Core/Src/main.c:209:13:I2C_Stop	24	static
../Core/Src/main.c:219:16:I2C_WriteByte	48	static
../Core/Src/main.c:240:16:I2C_ReadByte	48	static
../Core/Src/main.c:266:16:HTS221_ReadReg	32	static
../Core/Src/main.c:278:13:HTS221_WriteReg	16	static
../Core/Src/main.c:287:13:HTS221_ReadRegs	32	static
../Core/Src/main.c:299:13:HTS221_Init	24	static
../Core/Src/main.c:323:14:HTS221_ReadTemperature	24	static
../Core/Src/main.c:331:14:HTS221_ReadHumidity	24	static
../Core/Src/main.c:352:5:main	128	static
../Core/Src/main.c:427:6:SystemClock_Config	64	static
../Core/Src/main.c:464:13:MX_USART2_UART_Init	8	static
../Core/Src/main.c:495:13:MX_GPIO_Init	48	static
../Core/Src/main.c:555:6:EXTI4_15_IRQHandler	16	static
../Core/Src/main.c:575:6:Error_Handler	8	static,ignoring_inline_asm
