../Drivers/STM32C0xx_HAL_Driver/Inc/stm32c0xx_ll_system.h:1430:22:LL_FLASH_SetLatency	1
../Drivers/STM32C0xx_HAL_Driver/Inc/stm32c0xx_ll_system.h:1442:26:LL_FLASH_GetLatency	1
../Drivers/STM32C0xx_HAL_Driver/Inc/stm32c0xx_ll_rcc.h:661:22:LL_RCC_HSE_Enable	1
../Drivers/STM32C0xx_HAL_Driver/Inc/stm32c0xx_ll_rcc.h:681:26:LL_RCC_HSE_IsReady	2
../Drivers/STM32C0xx_HAL_Driver/Inc/stm32c0xx_ll_rcc.h:1137:22:LL_RCC_SetSysClkSource	1
../Drivers/STM32C0xx_HAL_Driver/Inc/stm32c0xx_ll_rcc.h:1153:26:LL_RCC_GetSysClkSource	1
../Drivers/STM32C0xx_HAL_Driver/Inc/stm32c0xx_ll_rcc.h:1194:22:LL_RCC_SetAHBPrescaler	1
../Drivers/STM32C0xx_HAL_Driver/Inc/stm32c0xx_ll_rcc.h:1210:22:LL_RCC_SetAPB1Prescaler	1
../Drivers/STM32C0xx_HAL_Driver/Inc/stm32c0xx_ll_gpio.h:282:22:LL_GPIO_SetPinMode	1
../Drivers/STM32C0xx_HAL_Driver/Inc/stm32c0xx_ll_gpio.h:806:26:LL_GPIO_IsInputPinSet	2
../Drivers/STM32C0xx_HAL_Driver/Inc/stm32c0xx_ll_gpio.h:887:22:LL_GPIO_SetOutputPin	1
../Drivers/STM32C0xx_HAL_Driver/Inc/stm32c0xx_ll_gpio.h:916:22:LL_GPIO_ResetOutputPin	1
../Drivers/STM32C0xx_HAL_Driver/Inc/stm32c0xx_ll_bus.h:843:22:LL_IOP_GRP1_EnableClock	1
../Core/Src/main.c:45:6:Delay_uS	2
../Core/Src/main.c:55:6:setLcdDataPort	5
../Core/Src/main.c:67:6:lcdPulseEnable	1
../Core/Src/main.c:79:6:lcdSendNibble	1
../Core/Src/main.c:89:5:lcdCheckBusy	3
../Core/Src/main.c:126:6:lcdSendCmd	1
../Core/Src/main.c:139:6:lcdSendChar	1
../Core/Src/main.c:153:6:lcdSetCursor	2
../Core/Src/main.c:162:6:lcdPrint	2
../Core/Src/main.c:172:6:lcdInit	1
../Core/Src/main.c:209:5:main	1
../Core/Src/main.c:233:6:SystemClock_Config	4
../Core/Src/main.c:254:13:MX_GPIO_Init	2
../Core/Src/main.c:307:6:Error_Handler	1
