../Drivers/CMSIS/Include/core_cm0plus.h:741:22:__NVIC_EnableIRQ	16	static,ignoring_inline_asm
../Drivers/CMSIS/Include/core_cm0plus.h:850:22:__NVIC_SetPriority	24	static
../Drivers/STM32C0xx_HAL_Driver/Inc/stm32c0xx_ll_gpio.h:282:22:LL_GPIO_SetPinMode	24	static
../Drivers/STM32C0xx_HAL_Driver/Inc/stm32c0xx_ll_gpio.h:490:22:LL_GPIO_SetPinPull	24	static
../Drivers/STM32C0xx_HAL_Driver/Inc/stm32c0xx_ll_gpio.h:806:26:LL_GPIO_IsInputPinSet	16	static
../Drivers/STM32C0xx_HAL_Driver/Inc/stm32c0xx_ll_gpio.h:887:22:LL_GPIO_SetOutputPin	16	static
../Drivers/STM32C0xx_HAL_Driver/Inc/stm32c0xx_ll_gpio.h:916:22:LL_GPIO_ResetOutputPin	16	static
../Drivers/STM32C0xx_HAL_Driver/Inc/stm32c0xx_ll_gpio.h:945:22:LL_GPIO_TogglePin	24	static
../Drivers/STM32C0xx_HAL_Driver/Inc/stm32c0xx_ll_exti.h:1283:22:LL_EXTI_SetEXTISource	24	static
../Drivers/STM32C0xx_HAL_Driver/Inc/stm32c0xx_ll_bus.h:843:22:LL_IOP_GRP1_EnableClock	24	static
../Core/Src/main.c:60:6:Delay_uS	24	static
../Core/Src/main.c:66:6:setLcdDataPort	16	static
../Core/Src/main.c:74:6:lcdSendNibble	16	static
../Core/Src/main.c:83:5:lcdCheckBusy	16	static
../Core/Src/main.c:116:6:lcdSendCmd	16	static
../Core/Src/main.c:125:6:lcdSendChar	16	static
../Core/Src/main.c:134:6:lcdSetCursor	24	static
../Core/Src/main.c:140:6:lcdPrint	16	static
../Core/Src/main.c:146:6:lcdInit	8	static
../Core/Src/main.c:178:5:main	40	static
../Core/Src/main.c:234:6:UserButton_Callback	8	static
../Core/Src/main.c:244:6:SystemClock_Config	64	static
../Core/Src/main.c:281:13:MX_GPIO_Init	48	static
../Core/Src/main.c:434:6:Error_Handler	8	static,ignoring_inline_asm
