../Drivers/STM32C0xx_HAL_Driver/Inc/stm32c0xx_ll_system.h:1430:22:LL_FLASH_SetLatency	16	static
../Drivers/STM32C0xx_HAL_Driver/Inc/stm32c0xx_ll_system.h:1442:26:LL_FLASH_GetLatency	8	static
../Drivers/STM32C0xx_HAL_Driver/Inc/stm32c0xx_ll_rcc.h:661:22:LL_RCC_HSE_Enable	8	static
../Drivers/STM32C0xx_HAL_Driver/Inc/stm32c0xx_ll_rcc.h:681:26:LL_RCC_HSE_IsReady	8	static
../Drivers/STM32C0xx_HAL_Driver/Inc/stm32c0xx_ll_rcc.h:1137:22:LL_RCC_SetSysClkSource	16	static
../Drivers/STM32C0xx_HAL_Driver/Inc/stm32c0xx_ll_rcc.h:1153:26:LL_RCC_GetSysClkSource	8	static
../Drivers/STM32C0xx_HAL_Driver/Inc/stm32c0xx_ll_rcc.h:1194:22:LL_RCC_SetAHBPrescaler	16	static
../Drivers/STM32C0xx_HAL_Driver/Inc/stm32c0xx_ll_rcc.h:1210:22:LL_RCC_SetAPB1Prescaler	16	static
../Drivers/STM32C0xx_HAL_Driver/Inc/stm32c0xx_ll_gpio.h:282:22:LL_GPIO_SetPinMode	24	static
../Drivers/STM32C0xx_HAL_Driver/Inc/stm32c0xx_ll_gpio.h:806:26:LL_GPIO_IsInputPinSet	16	static
../Drivers/STM32C0xx_HAL_Driver/Inc/stm32c0xx_ll_gpio.h:887:22:LL_GPIO_SetOutputPin	16	static
../Drivers/STM32C0xx_HAL_Driver/Inc/stm32c0xx_ll_gpio.h:916:22:LL_GPIO_ResetOutputPin	16	static
../Drivers/STM32C0xx_HAL_Driver/Inc/stm32c0xx_ll_bus.h:843:22:LL_IOP_GRP1_EnableClock	24	static
../Core/Src/main.c:46:6:Delay_uS	24	static
../Core/Src/main.c:56:6:setLcdDataPort	16	static
../Core/Src/main.c:68:6:lcdPulseEnable	8	static
../Core/Src/main.c:80:6:lcdSendNibble	16	static
../Core/Src/main.c:90:5:lcdCheckBusy	16	static
../Core/Src/main.c:127:6:lcdSendCmd	16	static
../Core/Src/main.c:140:6:lcdSendChar	16	static
../Core/Src/main.c:154:6:lcdSetCursor	24	static
../Core/Src/main.c:163:6:lcdPrint	16	static
../Core/Src/main.c:173:6:lcdInit	8	static
../Core/Src/main.c:210:5:main	40	static
../Core/Src/main.c:239:6:SystemClock_Config	8	static
../Core/Src/main.c:260:13:MX_GPIO_Init	112	static
../Core/Src/main.c:313:6:Error_Handler	8	static,ignoring_inline_asm
